[INFO] Scanning for projects...
[WARNING] 
[WARNING] Some problems were encountered while building the effective model for com.atm:iso8583-gateway:jar:1.0.0
[WARNING] 'dependencies.dependency.(groupId:artifactId:type:classifier)' must be unique: com.h2database:h2:jar -> duplicate declaration of version (?) @ line 124, column 21
[WARNING] 
[WARNING] It is highly recommended to fix these problems because they threaten the stability of your build.
[WARNING] 
[WARNING] For this reason, future Maven versions might no longer support building such malformed projects.
[WARNING] 
[INFO] 
[INFO] ----------------------< com.atm:iso8583-gateway >-----------------------
[INFO] Building ATM ISO 8583 Gateway 1.0.0
[INFO]   from pom.xml
[INFO] --------------------------------[ jar ]---------------------------------
[INFO] 
[INFO] --- clean:3.4.0:clean (default-clean) @ iso8583-gateway ---
[INFO] Deleting c:\Users\admin\IdeaProjects\atm-iso8583-gateway\target
[INFO] 
[INFO] --- resources:3.3.1:resources (default-resources) @ iso8583-gateway ---
[INFO] Copying 2 resources from src\main\resources to target\classes
[INFO] Copying 8 resources from src\main\resources to target\classes
[INFO] 
[INFO] --- compiler:3.13.0:compile (default-compile) @ iso8583-gateway ---
[INFO] Recompiling the module because of changed source code.
[INFO] Compiling 32 source files with javac [debug parameters release 17] to target\classes
[INFO] Annotation processing is enabled because one or more processors were found
  on the class path. A future release of javac may disable annotation processing
  unless at least one processor is specified by name (-processor), or a search
  path is specified (--processor-path, --processor-module-path), or annotation
  processing is enabled explicitly (-proc:only, -proc:full).
  Use -Xlint:-options to suppress this message.
  Use -proc:none to disable annotation processing.
[INFO] 
[INFO] --- resources:3.3.1:testResources (default-testResources) @ iso8583-gateway ---
[INFO] Copying 2 resources from src\test\resources to target\test-classes
[INFO] 
[INFO] --- compiler:3.13.0:testCompile (default-testCompile) @ iso8583-gateway ---
[INFO] Recompiling the module because of changed dependency.
[INFO] Compiling 7 source files with javac [debug parameters release 17] to target\test-classes
[INFO] Annotation processing is enabled because one or more processors were found
  on the class path. A future release of javac may disable annotation processing
  unless at least one processor is specified by name (-processor), or a search
  path is specified (--processor-path, --processor-module-path), or annotation
  processing is enabled explicitly (-proc:only, -proc:full).
  Use -Xlint:-options to suppress this message.
  Use -proc:none to disable annotation processing.
[WARNING] /c:/Users/admin/IdeaProjects/atm-iso8583-gateway/src/test/java/com/atm/iso8583/controller/PowerCardDirectDebitControllerTest.java:[34,6] org.springframework.boot.test.mock.mockito.MockBean in org.springframework.boot.test.mock.mockito has been deprecated and marked for removal
[WARNING] /c:/Users/admin/IdeaProjects/atm-iso8583-gateway/src/test/java/com/atm/iso8583/controller/PowerCardDirectDebitControllerTest.java:[34,6] org.springframework.boot.test.mock.mockito.MockBean in org.springframework.boot.test.mock.mockito has been deprecated and marked for removal
[WARNING] /c:/Users/admin/IdeaProjects/atm-iso8583-gateway/src/test/java/com/atm/iso8583/controller/PowerCardDirectDebitControllerTest.java:[34,6] org.springframework.boot.test.mock.mockito.MockBean in org.springframework.boot.test.mock.mockito has been deprecated and marked for removal
[WARNING] /c:/Users/admin/IdeaProjects/atm-iso8583-gateway/src/test/java/com/atm/iso8583/controller/PowerCardDirectDebitControllerTest.java:[34,6] org.springframework.boot.test.mock.mockito.MockBean in org.springframework.boot.test.mock.mockito has been deprecated and marked for removal
[WARNING] /c:/Users/admin/IdeaProjects/atm-iso8583-gateway/src/test/java/com/atm/iso8583/controller/PowerCardDirectDebitControllerTest.java:[34,6] org.springframework.boot.test.mock.mockito.MockBean in org.springframework.boot.test.mock.mockito has been deprecated and marked for removal
[INFO] 
[INFO] --- surefire:3.5.2:test (default-test) @ iso8583-gateway ---
[INFO] Tests are skipped.
[INFO] 
[INFO] --- jar:3.4.2:jar (default-jar) @ iso8583-gateway ---
[INFO] Building jar: c:\Users\admin\IdeaProjects\atm-iso8583-gateway\target\iso8583-gateway-1.0.0.jar
[INFO] 
[INFO] --- spring-boot:3.4.1:repackage (repackage) @ iso8583-gateway ---
[INFO] Replacing main artifact c:\Users\admin\IdeaProjects\atm-iso8583-gateway\target\iso8583-gateway-1.0.0.jar with repackaged archive, adding nested dependencies in BOOT-INF/.
[INFO] The original artifact has been renamed to c:\Users\admin\IdeaProjects\atm-iso8583-gateway\target\iso8583-gateway-1.0.0.jar.original
[INFO] 
[INFO] --- install:3.1.3:install (default-install) @ iso8583-gateway ---
[INFO] Installing c:\Users\admin\IdeaProjects\atm-iso8583-gateway\pom.xml to C:\Users\admin\.m2\repository\com\atm\iso8583-gateway\1.0.0\iso8583-gateway-1.0.0.pom
[INFO] Installing c:\Users\admin\IdeaProjects\atm-iso8583-gateway\target\iso8583-gateway-1.0.0.jar to C:\Users\admin\.m2\repository\com\atm\iso8583-gateway\1.0.0\iso8583-gateway-1.0.0.jar
[INFO] ------------------------------------------------------------------------
[INFO] BUILD SUCCESS
[INFO] ------------------------------------------------------------------------
[INFO] Total time:  01:11 min
[INFO] Finished at: 2026-04-14T11:39:32+01:00
[INFO] ------------------------------------------------------------------------
